
 ets Jan  8 2013,rst cause:2, boot mode:(3,6)

load 0x40100000, len 7040, room 16
tail 0
chksum 0xee
load 0x3ffe8408, len 24, room 8
tail 0
chksum 0x67
load 0x3ffe8420, len 3324, room 8
tail 4
chksum 0x47
csum 0x47
I (42) boot: ESP-IDF v3.4-49-g0f200b46 2nd stage bootloader
I (42) boot: compile time 18:24:00
I (43) qio_mode: Enabling default flash chip QIO
I (51) boot: SPI Speed      : 40MHz
I (57) boot: SPI Mode       : QIO
I (63) boot: SPI Flash Size : 1MB
I (69) boot: Partition Table:
I (75) boot: ## Label            Usage          Type ST Offset   Length
I (86) boot:  0 nvs              WiFi data        01 02 00009000 00006000
I (98) boot:  1 phy_init         RF data          01 01 0000f000 00001000
I (109) boot:  2 factory          factory app      00 00 00010000 000f0000
I (121) boot: End of partition table
I (127) esp_image: segment 0: paddr=0x00010010 vaddr=0x40210010 size=0x15fec ( 90092) map
I (171) esp_image: segment 1: paddr=0x00026004 vaddr=0x40225ffc size=0x05a30 ( 23088) map
I (179) esp_image: segment 2: paddr=0x0002ba3c vaddr=0x3ffe8000 size=0x003dc (   988) load
I (182) esp_image: segment 3: paddr=0x0002be20 vaddr=0x40100000 size=0x00080 (   128) load
I (196) esp_image: segment 4: paddr=0x0002bea8 vaddr=0x40100080 size=0x045b8 ( 17848) load
I (215) boot: Loaded app from partition at offset 0x10000
I (235) gpio: GPIO[2]| InputEn: 0| OutputEn: 1| OpenDrain: 0| Pullup: 0| Pulldown: 0| Intr:0
I (238) gpio: GPIO[0]| InputEn: 1| OutputEn: 0| OpenDrain: 0| Pullup: 0| Pulldown: 0| Intr:2
I (249) main: cnt: 0

I (1249) main: cnt: 1

I (2249) main: cnt: 2

I (2649) main: GPIO[0] intr, val: 0

I (2789) main: GPIO[0] intr, val: 1

I (3249) main: cnt: 3

I (3909) main: GPIO[0] intr, val: 0

I (4249) main: cnt: 4

I (5249) main: cnt: 5

I (6139) main: GPIO[0] intr, val: 0

I (6249) main: cnt: 6

I (6419) main: GPIO[0] intr, val: 1

I (6420) main: GPIO[0] intr, val: 1

I (6422) main: GPIO[0] intr, val: 1

I (7249) main: cnt: 7

I (7549) main: GPIO[0] intr, val: 0

I (8249) main: cnt: 8

I (9129) main: GPIO[0] intr, val: 1

I (9249) main: cnt: 9

I (9819) main: GPIO[0] intr, val: 0

I (10250) main: cnt: 10

I (10420) main: GPIO[0] intr, val: 0

I (10550) main: GPIO[0] intr, val: 1

I (10551) main: GPIO[0] intr, val: 1

I (10900) main: GPIO[0] intr, val: 0

I (11250) main: cnt: 11

I (12250) main: cnt: 12

I (13250) main: cnt: 13

I (14250) main: cnt: 14

