
 ets Jan  8 2013,rst cause:2, boot mode:(3,6)

load 0x40100000, len 7040, room 16
tail 0
chksum 0xee
load 0x3ffe8408, len 24, room 8
tail 0
chksum 0x67
load 0x3ffe8420, len 3324, room 8
tail 4
chksum 0x47
csum 0x47
I (42) boot: ESP-IDF v3.4-49-g0f200b46 2nd stage bootloader
I (42) boot: compile time 18:24:00
I (43) qio_mode: Enabling default flash chip QIO
I (51) boot: SPI Speed      : 40MHz
I (57) boot: SPI Mode       : QIO
I (63) boot: SPI Flash Size : 1MB
I (69) boot: Partition Table:
I (75) boot: ## Label            Usage          Type ST Offset   Length
I (86) boot:  0 nvs              WiFi data        01 02 00009000 00006000
I (98) boot:  1 phy_init         RF data          01 01 0000f000 00001000
I (109) boot:  2 factory          factory app      00 00 00010000 000f0000
I (121) boot: End of partition table
I (127) esp_image: segment 0: paddr=0x00010010 vaddr=0x40210010 size=0x15de8 ( 89576) map
I (171) esp_image: segment 1: paddr=0x00025e00 vaddr=0x40225df8 size=0x05998 ( 22936) map
I (179) esp_image: segment 2: paddr=0x0002b7a0 vaddr=0x3ffe8000 size=0x003dc (   988) load
I (182) esp_image: segment 3: paddr=0x0002bb84 vaddr=0x40100000 size=0x00080 (   128) load
I (196) esp_image: segment 4: paddr=0x0002bc0c vaddr=0x40100080 size=0x04558 ( 17752) load
I (215) boot: Loaded app from partition at offset 0x10000
I (234) gpio: GPIO[2]| InputEn: 0| OutputEn: 1| OpenDrain: 0| Pullup: 0| Pulldown: 0| Intr:0
I (237) test: Integration Test.
Pulling GPIO high then low
I (244) main: Trying high
I (249) main: GPIO set High

I (1748) main: GPIO Level: 1

I (2748) main: Trying low
I (2749) main: GPIO set Low

I (4248) main: GPIO Level: 0

I (6248) main: Trying high
I (6249) main: GPIO set High

I (7748) main: GPIO Level: 1

I (8749) main: Trying low
I (8750) main: GPIO set Low

I (10249) main: GPIO Level: 0

I (12249) main: Trying high
I (12250) main: GPIO set High

I (13749) main: GPIO Level: 1

I (14749) main: Trying low
I (14750) main: GPIO set Low

